
[1m[46m RUN [49m[22m [36mv3.2.4 [39m[90mC:/Users/Gabriel Santos/Documents/ads-cw[39m

[90mstdout[2m | src/test/components/calendar-date-selection.test.tsx[2m > [22m[2mCalendar Date Selection - Bug Condition Exploration[2m > [22m[2mProperty 1: Fault Condition - Second Month Date Selection[2m > [22m[2mshould correctly interpret March 1st click as March 1st (not February 1st)
[22m[39mCalendar onSelect called: { from: [35m2026-02-01T03:00:00.000Z[39m, to: [35m2026-04-10T03:00:00.000Z[39m }

[90mstdout[2m | src/test/components/calendar-date-selection.test.tsx[2m > [22m[2mCalendar Date Selection - Bug Condition Exploration[2m > [22m[2mProperty 1: Fault Condition - Second Month Date Selection[2m > [22m[2mshould correctly interpret March 20th click as March 20th (not February 20th)
[22m[39mCalendar onSelect called: { from: [35m2026-02-01T03:00:00.000Z[39m, to: [35m2026-04-20T03:00:00.000Z[39m }

[90mstdout[2m | src/test/components/calendar-date-selection.test.tsx[2m > [22m[2mCalendar Date Selection - Bug Condition Exploration[2m > [22m[2mProperty 1: Fault Condition - Second Month Date Selection[2m > [22m[2mshould correctly interpret March 15th click as March 15th (not February 15th)
[22m[39mCalendar onSelect called: { from: [35m2026-02-01T03:00:00.000Z[39m, to: [35m2026-04-15T03:00:00.000Z[39m }

 [31mÔØ»[39m src/test/components/calendar-date-selection.test.tsx [2m([22m[2m8 tests[22m[2m | [22m[31m3 failed[39m[2m)[22m[33m 6071[2mms[22m[39m
[31m   [31m├ù[31m Calendar Date Selection - Bug Condition Exploration[2m > [22mProperty 1: Fault Condition - Second Month Date Selection[2m > [22mshould correctly interpret March 1st click as March 1st (not February 1st)[39m[33m 972[2mms[22m[39m
[31m     ÔåÆ expected 1 to be 2 // Object.is equality[39m
[31m   [31m├ù[31m Calendar Date Selection - Bug Condition Exploration[2m > [22mProperty 1: Fault Condition - Second Month Date Selection[2m > [22mshould correctly interpret March 20th click as March 20th (not February 20th)[39m[33m 786[2mms[22m[39m
[31m     ÔåÆ expected 1 to be 2 // Object.is equality[39m
[31m   [31m├ù[31m Calendar Date Selection - Bug Condition Exploration[2m > [22mProperty 1: Fault Condition - Second Month Date Selection[2m > [22mshould correctly interpret March 15th click as March 15th (not February 15th)[39m[33m 1297[2mms[22m[39m
[31m     ÔåÆ expected 1 to be 2 // Object.is equality[39m
   [33m[2mÔ£ô[22m[39m Calendar Date Selection - Bug Condition Exploration[2m > [22mProperty 2: Preservation - First Month and Other Interactions[2m > [22mshould set correct date range for '├Ültimos 7 dias' preset button [33m 528[2mms[22m[39m
   [33m[2mÔ£ô[22m[39m Calendar Date Selection - Bug Condition Exploration[2m > [22mProperty 2: Preservation - First Month and Other Interactions[2m > [22mshould set correct date range for '├Ültimos 30 dias' preset button [33m 1275[2mms[22m[39m
   [33m[2mÔ£ô[22m[39m Calendar Date Selection - Bug Condition Exploration[2m > [22mProperty 2: Preservation - First Month and Other Interactions[2m > [22mshould set correct date range for '├Ültimos 90 dias' preset button [33m 510[2mms[22m[39m
   [32mÔ£ô[39m Calendar Date Selection - Bug Condition Exploration[2m > [22mProperty 2: Preservation - First Month and Other Interactions[2m > [22mshould display dates in Brazilian Portuguese locale (dd/MM/yyyy)[32m 87[2mms[22m[39m
   [33m[2mÔ£ô[22m[39m Calendar Date Selection - Bug Condition Exploration[2m > [22mProperty 2: Preservation - First Month and Other Interactions[2m > [22mshould verify single date selection sets correct time boundaries (via preset button) [33m 613[2mms[22m[39m

[2m Test Files [22m [1m[31m1 failed[39m[22m[90m (1)[39m
[2m      Tests [22m [1m[31m3 failed[39m[22m[2m | [22m[1m[32m5 passed[39m[22m[90m (8)[39m
[2m   Start at [22m 15:27:05
[2m   Duration [22m 14.93s[2m (transform 356ms, setup 501ms, collect 4.11s, tests 6.07s, environment 1.45s, prepare 246ms)[22m

